// Jest Snapshot v1, https://goo.gl/fbAQLP

exports[`App component renders App 1`] = `
<DocumentFragment>
  <div>
    <div>
      <h1>
        Get a Simpson's Quote
      </h1>
      <button>
        Load Quote
      </button>
    </div>
    <figure>
      <img
        alt=""
        src=""
      />
      <figcaption>
         -
      </figcaption>
    </figure>
  </div>
</DocumentFragment>
`;
